<html>
<body>
<pre>
<h1>µVision Build Log</h1>
<h2>Tool Versions:</h2>
IDE-Version: ¦ÌVision V5.14.0.0
Copyright (C) 2015 ARM Ltd and ARM Germany GmbH. All rights reserved.
License Information: shi robin, apple, LIC=PE72Z-JDZMX-I53TC-79GYN-9UMXC-L84J6
 
Tool Versions:
Toolchain:       MDK-ARM Standard  Version: 5.14.0.0
Toolchain Path:  C:\Keil_v5\ARM\ARMCC\Bin
C Compiler:      Armcc.exe V5.05 update 1 (build 106)
Assembler:       Armasm.exe V5.05 update 1 (build 106)
Linker/Locator:  ArmLink.exe V5.05 update 1 (build 106)
Library Manager: ArmAr.exe V5.05 update 1 (build 106)
Hex Converter:   FromElf.exe V5.05 update 1 (build 106)
CPU DLL:         SARMCM3.DLL V5.14.0.0
Dialog DLL:      DCM.DLL V1.13.1.0
Target DLL:      STLink\ST-LINKIII-KEIL_SWO.dll V2.0.14.0_KEIL
Dialog DLL:      TCM.DLL V1.14.4.0
 
<h2>Project:</h2>
D:\STM32\STM32F103C8T6\MDK-ARM\STM32F103C8T6.uvprojx
Project File Date:  05/13/2023

<h2>Output:</h2>
Build target 'STM32F103C8T6'
assembling startup_stm32f103xb.s...
compiling main.c...
../Core/Inc/player.h(3): warning:  #1-D: last line of file ends without a newline
  int fff(int);
../Core/Src/main.c: 1 warning, 0 errors
compiling stm32f1xx_it.c...
compiling stm32f1xx_hal_msp.c...
compiling player.c...
../Core/Inc/player.h(3): warning:  #1-D: last line of file ends without a newline
  int fff(int);
..\Core\Src\player.c(9): warning:  #111-D: statement is unreachable
          break;
..\Core\Src\player.c(12): warning:  #111-D: statement is unreachable
          break;
..\Core\Src\player.c(15): warning:  #111-D: statement is unreachable
          break;
..\Core\Src\player.c(18): warning:  #111-D: statement is unreachable
          break;
..\Core\Src\player.c(21): warning:  #111-D: statement is unreachable
          break;
..\Core\Src\player.c(24): warning:  #111-D: statement is unreachable
          break;
..\Core\Src\player.c(27): warning:  #111-D: statement is unreachable
          break;    
..\Core\Src\player.c(30): warning:  #111-D: statement is unreachable
          break;
..\Core\Src\player.c(33): warning:  #111-D: statement is unreachable
          break;
..\Core\Src\player.c(36): warning:  #111-D: statement is unreachable
          break;
..\Core\Src\player.c(39): warning:  #111-D: statement is unreachable
          break;
..\Core\Src\player.c(42): warning:  #111-D: statement is unreachable
          break;
..\Core\Src\player.c(45): warning:  #111-D: statement is unreachable
          break;
..\Core\Src\player.c(48): warning:  #111-D: statement is unreachable
          break; 
..\Core\Src\player.c(51): warning:  #111-D: statement is unreachable
          break;
..\Core\Src\player.c(54): warning:  #111-D: statement is unreachable
          break;
..\Core\Src\player.c(57): warning:  #111-D: statement is unreachable
          break;
..\Core\Src\player.c(61): warning:  #940-D: missing return statement at end of non-void function "PitchToPWM"
  }
..\Core\Src\player.c(66): warning:  #1-D: last line of file ends without a newline
  }
..\Core\Src\player.c: 20 warnings, 0 errors
compiling stm32f1xx_hal_gpio_ex.c...
compiling stm32f1xx_hal_tim.c...
compiling stm32f1xx_hal_tim_ex.c...
compiling stm32f1xx_hal.c...
compiling stm32f1xx_hal_rcc.c...
compiling stm32f1xx_hal_rcc_ex.c...
compiling stm32f1xx_hal_gpio.c...
compiling stm32f1xx_hal_dma.c...
compiling stm32f1xx_hal_cortex.c...
compiling stm32f1xx_hal_pwr.c...
compiling stm32f1xx_hal_flash.c...
compiling stm32f1xx_hal_flash_ex.c...
compiling stm32f1xx_hal_exti.c...
compiling system_stm32f1xx.c...
linking...
Program Size: Code=4636 RO-data=464 RW-data=16 ZI-data=1096  
FromELF: creating hex file...
"STM32F103C8T6\STM32F103C8T6.axf" - 0 Error(s), 21 Warning(s).

<h2>Software Packages used:</h2>

Package Vendor: ARM
                http://www.keil.com/pack/ARM.CMSIS.4.2.0.pack
                ARM::CMSIS:CORE:3.40.0
                CMSIS (Cortex Microcontroller Software Interface Standard)
   * Component: CORE Version: 3.40.0

<h2>Collection of Component include folders:</h2>
  D:\STM32\STM32F103C8T6\MDK-ARM\RTE
  C:\Keil_v5\ARM\PACK\ARM\CMSIS\4.2.0\CMSIS\Include
  C:\Keil_v5\ARM\PACK\Keil\STM32F1xx_DFP\1.0.5\Device\Include

<h2>Collection of Component Files used:</h2>

   * Component: ARM::CMSIS:CORE:3.40.0
      Source file:   CMSIS\UserCodeTemplates\ARM\ITM_Retarget.c
</pre>
</body>
</html>
